     1                                  org 0x100	; Beginne Program bei Adresse 100H
     2                                  bits 16		; 32-Bit Program
     3                                  		; SMALL beinhaltet hier nur Code-Segment
     4                                  SECTION  .CODE
     5                                  				; Wichtig: Bei Assembler muss ein H ans Ende von Zahlen, um hex-Zahlen zu verwenden
     6                                                             	; M1:	; Anfangs-Label
     7 00000000 B402                    M1:		mov ah,2H	;  Funktionsnummer für Bildschirmausgabe
     8 00000002 B234                    		mov dl,'4'
     9 00000004 CD21                    LOOP:		int 21H
    10 00000006 FEC2                    		inc dl
    11 00000008 80FA37                  		cmp dl,'7'
    12 0000000B 7402                    		je END
    13 0000000D EBF5                    		jmp LOOP
    14 0000000F B44C                    END:		mov ah,4cH
    15 00000011 CD21                    		int 21H
